Archive member included to satisfy reference by file (symbol)

.\CortexM0\ARM_GCC_541\Debug\Basic_1_Modbus_RTU_PSOC4.a(LED1.o)
                              .\CortexM0\ARM_GCC_541\Debug\main.o (LED1_Write)
.\CortexM0\ARM_GCC_541\Debug\Basic_1_Modbus_RTU_PSOC4.a(CyLib.o)
                              .\CortexM0\ARM_GCC_541\Debug\cyfitter_cfg.o (CyIntEnable)
.\CortexM0\ARM_GCC_541\Debug\Basic_1_Modbus_RTU_PSOC4.a(CyLFClk.o)
                              .\CortexM0\ARM_GCC_541\Debug\cyfitter_cfg.o (CySysWdtIsr)
.\CortexM0\ARM_GCC_541\Debug\Basic_1_Modbus_RTU_PSOC4.a(USB_UART.o)
                              .\CortexM0\ARM_GCC_541\Debug\main.o (USB_UART_Start)
.\CortexM0\ARM_GCC_541\Debug\Basic_1_Modbus_RTU_PSOC4.a(USB_UART_UART.o)
                              .\CortexM0\ARM_GCC_541\Debug\Basic_1_Modbus_RTU_PSOC4.a(USB_UART.o) (USB_UART_UartInit)
.\CortexM0\ARM_GCC_541\Debug\Basic_1_Modbus_RTU_PSOC4.a(RS485_RX_ISR.o)
                              .\CortexM0\ARM_GCC_541\Debug\modbus-local-uart.o (RS485_RX_ISR_Enable)
.\CortexM0\ARM_GCC_541\Debug\Basic_1_Modbus_RTU_PSOC4.a(RS485.o)
                              .\CortexM0\ARM_GCC_541\Debug\modbus-local-uart.o (RS485_Start)
.\CortexM0\ARM_GCC_541\Debug\Basic_1_Modbus_RTU_PSOC4.a(MODBUS_TIMER.o)
                              .\CortexM0\ARM_GCC_541\Debug\modbus-local-timer_tcpwm.o (MODBUS_TIMER_Stop)
.\CortexM0\ARM_GCC_541\Debug\Basic_1_Modbus_RTU_PSOC4.a(MODBUS_TIMEOUT.o)
                              .\CortexM0\ARM_GCC_541\Debug\modbus-local-timer_tcpwm.o (MODBUS_TIMEOUT_StartEx)
.\CortexM0\ARM_GCC_541\Debug\Basic_1_Modbus_RTU_PSOC4.a(RS485_IntClock.o)
                              .\CortexM0\ARM_GCC_541\Debug\Basic_1_Modbus_RTU_PSOC4.a(RS485.o) (RS485_IntClock_Start)
.\CortexM0\ARM_GCC_541\Debug\Basic_1_Modbus_RTU_PSOC4.a(CyBootAsmGnu.o)
                              .\CortexM0\ARM_GCC_541\Debug\Basic_1_Modbus_RTU_PSOC4.a(CyLib.o) (CyDelayCycles)
.\CortexM0\ARM_GCC_541\Debug\Basic_1_Modbus_RTU_PSOC4.a(USB_UART_SPI_UART.o)
                              .\CortexM0\ARM_GCC_541\Debug\Basic_1_Modbus_RTU_PSOC4.a(USB_UART_UART.o) (USB_UART_SpiUartReadRxData)
c:/program files (x86)/cypress/psoc creator/4.2/psoc creator/import/gnu/arm/5.4.1/bin/../lib/gcc/arm-none-eabi/5.4.1/armv6-m\libgcc.a(_udivsi3.o)
                              .\CortexM0\ARM_GCC_541\Debug\Basic_1_Modbus_RTU_PSOC4.a(CyLib.o) (__aeabi_uidiv)
c:/program files (x86)/cypress/psoc creator/4.2/psoc creator/import/gnu/arm/5.4.1/bin/../lib/gcc/arm-none-eabi/5.4.1/armv6-m\libgcc.a(_dvmd_tls.o)
                              c:/program files (x86)/cypress/psoc creator/4.2/psoc creator/import/gnu/arm/5.4.1/bin/../lib/gcc/arm-none-eabi/5.4.1/armv6-m\libgcc.a(_udivsi3.o) (__aeabi_idiv0)
c:/program files (x86)/cypress/psoc creator/4.2/psoc creator/import/gnu/arm/5.4.1/bin/../lib/gcc/arm-none-eabi/5.4.1/../../../../arm-none-eabi/lib/armv6-m\libg_nano.a(lib_a-errno.o)
                              .\CortexM0\ARM_GCC_541\Debug\Cm0Start.o (__errno)
c:/program files (x86)/cypress/psoc creator/4.2/psoc creator/import/gnu/arm/5.4.1/bin/../lib/gcc/arm-none-eabi/5.4.1/../../../../arm-none-eabi/lib/armv6-m\libg_nano.a(lib_a-exit.o)
                              c:/program files (x86)/cypress/psoc creator/4.2/psoc creator/import/gnu/arm/5.4.1/bin/../lib/gcc/arm-none-eabi/5.4.1/../../../../arm-none-eabi/lib/armv6-m/crt0.o (exit)
c:/program files (x86)/cypress/psoc creator/4.2/psoc creator/import/gnu/arm/5.4.1/bin/../lib/gcc/arm-none-eabi/5.4.1/../../../../arm-none-eabi/lib/armv6-m\libg_nano.a(lib_a-impure.o)
                              c:/program files (x86)/cypress/psoc creator/4.2/psoc creator/import/gnu/arm/5.4.1/bin/../lib/gcc/arm-none-eabi/5.4.1/../../../../arm-none-eabi/lib/armv6-m\libg_nano.a(lib_a-exit.o) (_global_impure_ptr)
c:/program files (x86)/cypress/psoc creator/4.2/psoc creator/import/gnu/arm/5.4.1/bin/../lib/gcc/arm-none-eabi/5.4.1/../../../../arm-none-eabi/lib/armv6-m\libg_nano.a(lib_a-init.o)
                              c:/program files (x86)/cypress/psoc creator/4.2/psoc creator/import/gnu/arm/5.4.1/bin/../lib/gcc/arm-none-eabi/5.4.1/../../../../arm-none-eabi/lib/armv6-m/crt0.o (__libc_init_array)
c:/program files (x86)/cypress/psoc creator/4.2/psoc creator/import/gnu/arm/5.4.1/bin/../lib/gcc/arm-none-eabi/5.4.1/../../../../arm-none-eabi/lib/armv6-m\libg_nano.a(lib_a-memcpy-stub.o)
                              .\CortexM0\ARM_GCC_541\Debug\modbus.o (memcpy)
c:/program files (x86)/cypress/psoc creator/4.2/psoc creator/import/gnu/arm/5.4.1/bin/../lib/gcc/arm-none-eabi/5.4.1/../../../../arm-none-eabi/lib/armv6-m\libg_nano.a(lib_a-memset.o)
                              c:/program files (x86)/cypress/psoc creator/4.2/psoc creator/import/gnu/arm/5.4.1/bin/../lib/gcc/arm-none-eabi/5.4.1/../../../../arm-none-eabi/lib/armv6-m/crt0.o (memset)

Allocating common symbols
Common symbol       size              file

[...]
Memory Configuration

Name             Origin             Length             Attributes
rom              0x00000000         0x00008000         xr
ram              0x20000000         0x00001000         xrw
*default*        0x00000000         0xffffffff

Linker script and memory map

LOAD c:/program files (x86)/cypress/psoc creator/4.2/psoc creator/import/gnu/arm/5.4.1/bin/../lib/gcc/arm-none-eabi/5.4.1/armv6-m/crti.o
LOAD c:/program files (x86)/cypress/psoc creator/4.2/psoc creator/import/gnu/arm/5.4.1/bin/../lib/gcc/arm-none-eabi/5.4.1/armv6-m/crtbegin.o
LOAD c:/program files (x86)/cypress/psoc creator/4.2/psoc creator/import/gnu/arm/5.4.1/bin/../lib/gcc/arm-none-eabi/5.4.1/../../../../arm-none-eabi/lib/armv6-m/crt0.o
START GROUP
LOAD .\CortexM0\ARM_GCC_541\Debug\main.o
LOAD .\CortexM0\ARM_GCC_541\Debug\modbus.o
LOAD .\CortexM0\ARM_GCC_541\Debug\modbus-local-timer_tcpwm.o
LOAD .\CortexM0\ARM_GCC_541\Debug\modbus-local-uart.o
LOAD .\CortexM0\ARM_GCC_541\Debug\ringbuffer.o
LOAD .\CortexM0\ARM_GCC_541\Debug\cyfitter_cfg.o
LOAD .\CortexM0\ARM_GCC_541\Debug\cymetadata.o
LOAD .\CortexM0\ARM_GCC_541\Debug\Cm0Start.o
LOAD .\CortexM0\ARM_GCC_541\Debug\cybootloader.o
LOAD .\CortexM0\ARM_GCC_541\Debug\Basic_1_Modbus_RTU_PSOC4.a
END GROUP
START GROUP
LOAD c:/program files (x86)/cypress/psoc creator/4.2/psoc creator/import/gnu/arm/5.4.1/bin/../lib/gcc/arm-none-eabi/5.4.1/armv6-m\libgcc.a
LOAD c:/program files (x86)/cypress/psoc creator/4.2/psoc creator/import/gnu/arm/5.4.1/bin/../lib/gcc/arm-none-eabi/5.4.1/../../../../arm-none-eabi/lib/armv6-m\libg_nano.a
LOAD c:/program files (x86)/cypress/psoc creator/4.2/psoc creator/import/gnu/arm/5.4.1/bin/../lib/gcc/arm-none-eabi/5.4.1/../../../../arm-none-eabi/lib/armv6-m\libc_nano.a
END GROUP
START GROUP
LOAD c:/program files (x86)/cypress/psoc creator/4.2/psoc creator/import/gnu/arm/5.4.1/bin/../lib/gcc/arm-none-eabi/5.4.1/armv6-m\libgcc.a
LOAD c:/program files (x86)/cypress/psoc creator/4.2/psoc creator/import/gnu/arm/5.4.1/bin/../lib/gcc/arm-none-eabi/5.4.1/../../../../arm-none-eabi/lib/armv6-m\libc_nano.a
END GROUP
LOAD c:/program files (x86)/cypress/psoc creator/4.2/psoc creator/import/gnu/arm/5.4.1/bin/../lib/gcc/arm-none-eabi/5.4.1/armv6-m/crtend.o
LOAD c:/program files (x86)/cypress/psoc creator/4.2/psoc creator/import/gnu/arm/5.4.1/bin/../lib/gcc/arm-none-eabi/5.4.1/armv6-m/crtn.o
START GROUP
LOAD c:/program files (x86)/cypress/psoc creator/4.2/psoc creator/import/gnu/arm/5.4.1/bin/../lib/gcc/arm-none-eabi/5.4.1/armv6-m\libgcc.a
LOAD c:/program files (x86)/cypress/psoc creator/4.2/psoc creator/import/gnu/arm/5.4.1/bin/../lib/gcc/arm-none-eabi/5.4.1/../../../../arm-none-eabi/lib/armv6-m\libc.a
LOAD c:/program files (x86)/cypress/psoc creator/4.2/psoc creator/import/gnu/arm/5.4.1/bin/../lib/gcc/arm-none-eabi/5.4.1/../../../../arm-none-eabi/lib/armv6-m\libnosys.a
END GROUP
                0x00000000                CY_APPL_ORIGIN = 0x0
                0x00000080                CY_FLASH_ROW_SIZE = 0x80
                0x00000001                CY_APPL_NUM = 0x1
                0x00000001                CY_APPL_MAX = 0x1
                0x00000040                CY_METADATA_SIZE = 0x40
                0x00000001                CY_APPL_LOADABLE = 0x1
                0x00000000                CY_CHECKSUM_EXCLUDE_SIZE = ALIGN (0x0, CY_FLASH_ROW_SIZE)
                0x00000000                CY_APP_FOR_STACK_AND_COPIER = 0x0
                [!provide]                PROVIDE (__cy_heap_start, _end)
                0x00000001                PROVIDE (__cy_region_num, ((__cy_regions_end - __cy_regions) / 0x10))
                0x20001000                PROVIDE (__cy_stack, (ORIGIN (ram) + LENGTH (ram)))
                [!provide]                PROVIDE (__cy_heap_end, (__cy_stack - 0x400))

.cybootloader   0x00000000     0x1100
 *(.cybootloader)
 .cybootloader  0x00000000     0x1100 .\CortexM0\ARM_GCC_541\Debug\cybootloader.o
                0x00000000                cy_bootloader
                0x00001100                appl1_start = CY_APPL_ORIGIN?CY_APPL_ORIGIN:ALIGN (CY_FLASH_ROW_SIZE)
                0x00004800                appl2_start = (appl1_start + ALIGN ((((LENGTH (rom) - appl1_start) - (0x2 * CY_FLASH_ROW_SIZE)) / 0x2), CY_FLASH_ROW_SIZE))
                0x00001100                appl_start = (CY_APPL_NUM == 0x1)?appl1_start:appl2_start
                0x00000000                cy_project_type_bootloader = (appl_start == 0x0)?0x1:0x0
                0x00000000                cy_project_type_app_for_stack_and_copier = (CY_APP_FOR_STACK_AND_COPIER == 0x1)?0x1:0x0

.text           0x00001100     0x1372
 CREATE_OBJECT_SYMBOLS
                0x00001100                PROVIDE (__cy_interrupt_vector, RomVectors)
 *(.romvectors)
 .romvectors    0x00001100       0x10 .\CortexM0\ARM_GCC_541\Debug\Cm0Start.o
                0x00001100                RomVectors
                0x00000001                ASSERT ((. != __cy_interrupt_vector), No interrupt vector)
                0x00000001                ASSERT (CY_APPL_ORIGIN?(SIZEOF (.cybootloader) <= CY_APPL_ORIGIN):0x1, Wrong image location)
                0x00001110                PROVIDE (__cy_reset, Reset)
 *(.text.Reset)
 .text.Reset    0x00001110       0x10 .\CortexM0\ARM_GCC_541\Debug\Cm0Start.o
                0x00001110                Reset
                0x00000001                ASSERT ((. != __cy_reset), No reset code)
 *(.psocinit)
 .psocinit      0x00001120      0x20c .\CortexM0\ARM_GCC_541\Debug\cyfitter_cfg.o
                0x000011c8                cyfitter_cfg
                0x0000132c                . = MAX (., 0x100)
 *(.text .text.* .gnu.linkonce.t.*)
 .text          0x0000132c       0x60 c:/program files (x86)/cypress/psoc creator/4.2/psoc creator/import/gnu/arm/5.4.1/bin/../lib/gcc/arm-none-eabi/5.4.1/armv6-m/crtbegin.o
 .text.main     0x0000138c       0x50 .\CortexM0\ARM_GCC_541\Debug\main.o
                0x0000138c                main
 .text.modbus_write_regs
                0x000013dc      0x13c .\CortexM0\ARM_GCC_541\Debug\main.o
                0x000013dc                modbus_write_regs
 .text.modbus_read_regs
                0x00001518      0x144 .\CortexM0\ARM_GCC_541\Debug\main.o
                0x00001518                modbus_read_regs
 .text.modbus_respond
                0x0000165c       0x3c .\CortexM0\ARM_GCC_541\Debug\main.o
                0x0000165c                modbus_respond
 .text.crc16_update
                0x00001698       0x24 .\CortexM0\ARM_GCC_541\Debug\modbus.o
 .text.crc16_bytes
                0x000016bc       0x24 .\CortexM0\ARM_GCC_541\Debug\modbus.o
 .text.compute_meta_length_after_function
                0x000016e0       0x50 .\CortexM0\ARM_GCC_541\Debug\modbus.o
 .text.compute_data_length_after_meta
                0x00001730       0x38 .\CortexM0\ARM_GCC_541\Debug\modbus.o
 .text.mb_buf_to_val
                0x00001768        0xc .\CortexM0\ARM_GCC_541\Debug\modbus.o
 .text.mb_val_to_buf
                0x00001774        0xc .\CortexM0\ARM_GCC_541\Debug\modbus.o
 .text.modbus_reply
                0x00001780       0x78 .\CortexM0\ARM_GCC_541\Debug\modbus.o
 .text.modbus_timer_reset
                0x000017f8        0x8 .\CortexM0\ARM_GCC_541\Debug\modbus.o
                0x000017f8                modbus_timer_reset
 .text.modbus_poll
                0x00001800      0x160 .\CortexM0\ARM_GCC_541\Debug\modbus.o
                0x00001800                modbus_poll
 .text.modbus_init
                0x00001960       0x18 .\CortexM0\ARM_GCC_541\Debug\modbus.o
                0x00001960                modbus_init
 .text.modbus_tx_led
                0x00001978        0xc .\CortexM0\ARM_GCC_541\Debug\modbus.o
                0x00001978                modbus_tx_led
 .text.modbus_rx_led
                0x00001984       0x10 .\CortexM0\ARM_GCC_541\Debug\modbus.o
                0x00001984                modbus_rx_led
 .text.modbus_slave_id_response
                0x00001994       0x28 .\CortexM0\ARM_GCC_541\Debug\modbus.o
                0x00001994                modbus_slave_id_response
 .text.mb_data_init
                0x000019bc       0x68 .\CortexM0\ARM_GCC_541\Debug\modbus.o
                0x000019bc                mb_data_init
 .text.mb_data_resp
                0x00001a24       0x34 .\CortexM0\ARM_GCC_541\Debug\modbus.o
                0x00001a24                mb_data_resp
 .text.mb_data_next
                0x00001a58       0x30 .\CortexM0\ARM_GCC_541\Debug\modbus.o
                0x00001a58                mb_data_next
 .text.modbus_timeout
                0x00001a88       0x14 .\CortexM0\ARM_GCC_541\Debug\modbus-local-timer_tcpwm.o
                0x00001a88                modbus_timeout
 .text._modbus_timer_stop_and_reset
                0x00001a9c       0x20 .\CortexM0\ARM_GCC_541\Debug\modbus-local-timer_tcpwm.o
                0x00001a9c                _modbus_timer_stop_and_reset
 .text._modbus_timer_reset
                0x00001abc        0xc .\CortexM0\ARM_GCC_541\Debug\modbus-local-timer_tcpwm.o
                0x00001abc                _modbus_timer_reset
 .text._modbus_timer_start
                0x00001ac8        0x8 .\CortexM0\ARM_GCC_541\Debug\modbus-local-timer_tcpwm.o
                0x00001ac8                _modbus_timer_start
 .text._modbus_timer_init
                0x00001ad0       0x14 .\CortexM0\ARM_GCC_541\Debug\modbus-local-timer_tcpwm.o
                0x00001ad0                _modbus_timer_init
 .text.rs485_rx_isr
                0x00001ae4       0x2c .\CortexM0\ARM_GCC_541\Debug\modbus-local-uart.o
                0x00001ae4                rs485_rx_isr
 .text._modbus_UART_init
                0x00001b10       0x14 .\CortexM0\ARM_GCC_541\Debug\modbus-local-uart.o
                0x00001b10                _modbus_UART_init
 .text.modbus_get_byte
                0x00001b24       0x1c .\CortexM0\ARM_GCC_541\Debug\modbus-local-uart.o
                0x00001b24                modbus_get_byte
 .text.modbus_read_ready
                0x00001b40       0x1c .\CortexM0\ARM_GCC_541\Debug\modbus-local-uart.o
                0x00001b40                modbus_read_ready
 .text.modbus_write_data
                0x00001b5c        0x8 .\CortexM0\ARM_GCC_541\Debug\modbus-local-uart.o
                0x00001b5c                modbus_write_data
 .text.ring_buf_in
                0x00001b64       0x28 .\CortexM0\ARM_GCC_541\Debug\ringbuffer.o
                0x00001b64                ring_buf_in
 .text.ring_buf_out
                0x00001b8c       0x28 .\CortexM0\ARM_GCC_541\Debug\ringbuffer.o
                0x00001b8c                ring_buf_out
 .text.ring_buf_count
                0x00001bb4        0x8 .\CortexM0\ARM_GCC_541\Debug\ringbuffer.o
                0x00001bb4                ring_buf_count
 .text.ring_buf_full
                0x00001bbc        0x8 .\CortexM0\ARM_GCC_541\Debug\ringbuffer.o
                0x00001bbc                ring_buf_full
 .text.cfg_write_bytes32
                0x00001bc4       0x34 .\CortexM0\ARM_GCC_541\Debug\cyfitter_cfg.o
 .text.CYMEMZERO
                0x00001bf8        0xc .\CortexM0\ARM_GCC_541\Debug\cyfitter_cfg.o
 .text.CYCONFIGCPYCODE
                0x00001c04        0x8 .\CortexM0\ARM_GCC_541\Debug\cyfitter_cfg.o
 .text.IntDefaultHandler
                0x00001c0c       0x10 .\CortexM0\ARM_GCC_541\Debug\Cm0Start.o
                0x00001c0c                IntDefaultHandler
 .text.Start_c  0x00001c1c       0x48 .\CortexM0\ARM_GCC_541\Debug\Cm0Start.o
                0x00001c1c                Start_c
 .text.initialize_psoc
                0x00001c64       0x50 .\CortexM0\ARM_GCC_541\Debug\Cm0Start.o
                0x00001c64                initialize_psoc
 .text.LED1_Write
                0x00001cb4       0x18 .\CortexM0\ARM_GCC_541\Debug\Basic_1_Modbus_RTU_PSOC4.a(LED1.o)
                0x00001cb4                LED1_Write
 .text.CyIntEnable
                0x00001ccc       0x14 .\CortexM0\ARM_GCC_541\Debug\Basic_1_Modbus_RTU_PSOC4.a(CyLib.o)
                0x00001ccc                CyIntEnable
 .text.CyHalt   0x00001ce0        0x4 .\CortexM0\ARM_GCC_541\Debug\Basic_1_Modbus_RTU_PSOC4.a(CyLib.o)
                0x00001ce0                CyHalt
 .text.CyIntSetVector
                0x00001ce4       0x24 .\CortexM0\ARM_GCC_541\Debug\Basic_1_Modbus_RTU_PSOC4.a(CyLib.o)
                0x00001ce4                CyIntSetVector
 .text.CyDelay  0x00001d08       0x30 .\CortexM0\ARM_GCC_541\Debug\Basic_1_Modbus_RTU_PSOC4.a(CyLib.o)
                0x00001d08                CyDelay
 .text.CyDelayUs
                0x00001d38       0x14 .\CortexM0\ARM_GCC_541\Debug\Basic_1_Modbus_RTU_PSOC4.a(CyLib.o)
                0x00001d38                CyDelayUs
 .text.CySysClkWriteImoFreq
                0x00001d4c      0x164 .\CortexM0\ARM_GCC_541\Debug\Basic_1_Modbus_RTU_PSOC4.a(CyLib.o)
                0x00001d4c                CySysClkWriteImoFreq
 .text.CySysWdtLocked
                0x00001eb0       0x14 .\CortexM0\ARM_GCC_541\Debug\Basic_1_Modbus_RTU_PSOC4.a(CyLFClk.o)
 .text.CySysWdtLock
                0x00001ec4       0x1c .\CortexM0\ARM_GCC_541\Debug\Basic_1_Modbus_RTU_PSOC4.a(CyLFClk.o)
                0x00001ec4                CySysWdtLock
 .text.CySysWdtUnlock
                0x00001ee0       0x30 .\CortexM0\ARM_GCC_541\Debug\Basic_1_Modbus_RTU_PSOC4.a(CyLFClk.o)
                0x00001ee0                CySysWdtUnlock
 .text.CySysWdtClearInterrupt
                0x00001f10       0x4c .\CortexM0\ARM_GCC_541\Debug\Basic_1_Modbus_RTU_PSOC4.a(CyLFClk.o)
                0x00001f10                CySysWdtClearInterrupt
 .text.CySysWdtIsr
                0x00001f5c       0xa4 .\CortexM0\ARM_GCC_541\Debug\Basic_1_Modbus_RTU_PSOC4.a(CyLFClk.o)
                0x00001f5c                CySysWdtIsr
 .text.USB_UART_ScbModePostEnable
                0x00002000        0x8 .\CortexM0\ARM_GCC_541\Debug\Basic_1_Modbus_RTU_PSOC4.a(USB_UART.o)
 .text.USB_UART_Init
                0x00002008        0x8 .\CortexM0\ARM_GCC_541\Debug\Basic_1_Modbus_RTU_PSOC4.a(USB_UART.o)
                0x00002008                USB_UART_Init
 .text.USB_UART_Enable
                0x00002010       0x18 .\CortexM0\ARM_GCC_541\Debug\Basic_1_Modbus_RTU_PSOC4.a(USB_UART.o)
                0x00002010                USB_UART_Enable
 .text.USB_UART_Start
                0x00002028       0x20 .\CortexM0\ARM_GCC_541\Debug\Basic_1_Modbus_RTU_PSOC4.a(USB_UART.o)
                0x00002028                USB_UART_Start
 .text.USB_UART_UartInit
                0x00002048       0x9c .\CortexM0\ARM_GCC_541\Debug\Basic_1_Modbus_RTU_PSOC4.a(USB_UART_UART.o)
                0x00002048                USB_UART_UartInit
 .text.USB_UART_UartPostEnable
                0x000020e4       0x24 .\CortexM0\ARM_GCC_541\Debug\Basic_1_Modbus_RTU_PSOC4.a(USB_UART_UART.o)
                0x000020e4                USB_UART_UartPostEnable
 .text.USB_UART_UartPutString
                0x00002108       0x18 .\CortexM0\ARM_GCC_541\Debug\Basic_1_Modbus_RTU_PSOC4.a(USB_UART_UART.o)
                0x00002108                USB_UART_UartPutString
 .text.RS485_RX_ISR_SetVector
                0x00002120        0xc .\CortexM0\ARM_GCC_541\Debug\Basic_1_Modbus_RTU_PSOC4.a(RS485_RX_ISR.o)
                0x00002120                RS485_RX_ISR_SetVector
 .text.RS485_RX_ISR_SetPriority
                0x0000212c       0x20 .\CortexM0\ARM_GCC_541\Debug\Basic_1_Modbus_RTU_PSOC4.a(RS485_RX_ISR.o)
                0x0000212c                RS485_RX_ISR_SetPriority
 .text.RS485_RX_ISR_Enable
                0x0000214c        0xc .\CortexM0\ARM_GCC_541\Debug\Basic_1_Modbus_RTU_PSOC4.a(RS485_RX_ISR.o)
                0x0000214c                RS485_RX_ISR_Enable
 .text.RS485_RX_ISR_Disable
                0x00002158        0xc .\CortexM0\ARM_GCC_541\Debug\Basic_1_Modbus_RTU_PSOC4.a(RS485_RX_ISR.o)
                0x00002158                RS485_RX_ISR_Disable
 .text.RS485_RX_ISR_StartEx
                0x00002164       0x1c .\CortexM0\ARM_GCC_541\Debug\Basic_1_Modbus_RTU_PSOC4.a(RS485_RX_ISR.o)
                0x00002164                RS485_RX_ISR_StartEx
 .text.RS485_Init
                0x00002180       0x34 .\CortexM0\ARM_GCC_541\Debug\Basic_1_Modbus_RTU_PSOC4.a(RS485.o)
                0x00002180                RS485_Init
 .text.RS485_Enable
                0x000021b4       0x44 .\CortexM0\ARM_GCC_541\Debug\Basic_1_Modbus_RTU_PSOC4.a(RS485.o)
                0x000021b4                RS485_Enable
 .text.RS485_Start
                0x000021f8       0x20 .\CortexM0\ARM_GCC_541\Debug\Basic_1_Modbus_RTU_PSOC4.a(RS485.o)
                0x000021f8                RS485_Start
 .text.RS485_ReadRxData
                0x00002218        0xc .\CortexM0\ARM_GCC_541\Debug\Basic_1_Modbus_RTU_PSOC4.a(RS485.o)
                0x00002218                RS485_ReadRxData
 .text.RS485_GetRxBufferSize
                0x00002224       0x14 .\CortexM0\ARM_GCC_541\Debug\Basic_1_Modbus_RTU_PSOC4.a(RS485.o)
                0x00002224                RS485_GetRxBufferSize
 .text.RS485_PutChar
                0x00002238       0x18 .\CortexM0\ARM_GCC_541\Debug\Basic_1_Modbus_RTU_PSOC4.a(RS485.o)
                0x00002238                RS485_PutChar
 .text.RS485_PutArray
                0x00002250       0x28 .\CortexM0\ARM_GCC_541\Debug\Basic_1_Modbus_RTU_PSOC4.a(RS485.o)
                0x00002250                RS485_PutArray
 .text.MODBUS_TIMER_Stop
                0x00002278       0x1c .\CortexM0\ARM_GCC_541\Debug\Basic_1_Modbus_RTU_PSOC4.a(MODBUS_TIMER.o)
                0x00002278                MODBUS_TIMER_Stop
 .text.MODBUS_TIMER_WriteCounter
                0x00002294       0x10 .\CortexM0\ARM_GCC_541\Debug\Basic_1_Modbus_RTU_PSOC4.a(MODBUS_TIMER.o)
                0x00002294                MODBUS_TIMER_WriteCounter
 .text.MODBUS_TIMER_WritePeriod
                0x000022a4       0x10 .\CortexM0\ARM_GCC_541\Debug\Basic_1_Modbus_RTU_PSOC4.a(MODBUS_TIMER.o)
                0x000022a4                MODBUS_TIMER_WritePeriod
 .text.MODBUS_TIMER_TriggerCommand
                0x000022b4       0x1c .\CortexM0\ARM_GCC_541\Debug\Basic_1_Modbus_RTU_PSOC4.a(MODBUS_TIMER.o)
                0x000022b4                MODBUS_TIMER_TriggerCommand
 .text.MODBUS_TIMER_Enable
                0x000022d0       0x24 .\CortexM0\ARM_GCC_541\Debug\Basic_1_Modbus_RTU_PSOC4.a(MODBUS_TIMER.o)
                0x000022d0                MODBUS_TIMER_Enable
 .text.MODBUS_TIMER_SetInterruptMode
                0x000022f4        0xc .\CortexM0\ARM_GCC_541\Debug\Basic_1_Modbus_RTU_PSOC4.a(MODBUS_TIMER.o)
                0x000022f4                MODBUS_TIMER_SetInterruptMode
 .text.MODBUS_TIMER_Init
                0x00002300       0x2c .\CortexM0\ARM_GCC_541\Debug\Basic_1_Modbus_RTU_PSOC4.a(MODBUS_TIMER.o)
                0x00002300                MODBUS_TIMER_Init
 .text.MODBUS_TIMER_ClearInterrupt
                0x0000232c        0xc .\CortexM0\ARM_GCC_541\Debug\Basic_1_Modbus_RTU_PSOC4.a(MODBUS_TIMER.o)
                0x0000232c                MODBUS_TIMER_ClearInterrupt
 .text.MODBUS_TIMEOUT_SetVector
                0x00002338        0xc .\CortexM0\ARM_GCC_541\Debug\Basic_1_Modbus_RTU_PSOC4.a(MODBUS_TIMEOUT.o)
                0x00002338                MODBUS_TIMEOUT_SetVector
 .text.MODBUS_TIMEOUT_SetPriority
                0x00002344       0x20 .\CortexM0\ARM_GCC_541\Debug\Basic_1_Modbus_RTU_PSOC4.a(MODBUS_TIMEOUT.o)
                0x00002344                MODBUS_TIMEOUT_SetPriority
 .text.MODBUS_TIMEOUT_Enable
                0x00002364       0x10 .\CortexM0\ARM_GCC_541\Debug\Basic_1_Modbus_RTU_PSOC4.a(MODBUS_TIMEOUT.o)
                0x00002364                MODBUS_TIMEOUT_Enable
 .text.MODBUS_TIMEOUT_Disable
                0x00002374       0x10 .\CortexM0\ARM_GCC_541\Debug\Basic_1_Modbus_RTU_PSOC4.a(MODBUS_TIMEOUT.o)
                0x00002374                MODBUS_TIMEOUT_Disable
 .text.MODBUS_TIMEOUT_StartEx
                0x00002384       0x1c .\CortexM0\ARM_GCC_541\Debug\Basic_1_Modbus_RTU_PSOC4.a(MODBUS_TIMEOUT.o)
                0x00002384                MODBUS_TIMEOUT_StartEx
 .text.RS485_IntClock_Start
                0x000023a0       0x14 .\CortexM0\ARM_GCC_541\Debug\Basic_1_Modbus_RTU_PSOC4.a(RS485_IntClock.o)
                0x000023a0                RS485_IntClock_Start
 *fill*         0x000023b4        0x4 
 .text          0x000023b8       0x24 .\CortexM0\ARM_GCC_541\Debug\Basic_1_Modbus_RTU_PSOC4.a(CyBootAsmGnu.o)
                0x000023b8                CyDelayCycles
                0x000023cc                CyEnterCriticalSection
                0x000023d4                CyExitCriticalSection
 .text.USB_UART_SpiUartWriteTxData
                0x000023dc       0x1c .\CortexM0\ARM_GCC_541\Debug\Basic_1_Modbus_RTU_PSOC4.a(USB_UART_SPI_UART.o)
                0x000023dc                USB_UART_SpiUartWriteTxData
 .text.__errno  0x000023f8        0xc c:/program files (x86)/cypress/psoc creator/4.2/psoc creator/import/gnu/arm/5.4.1/bin/../lib/gcc/arm-none-eabi/5.4.1/../../../../arm-none-eabi/lib/armv6-m\libg_nano.a(lib_a-errno.o)
                0x000023f8                __errno
 .text.__libc_init_array
                0x00002404       0x4c c:/program files (x86)/cypress/psoc creator/4.2/psoc creator/import/gnu/arm/5.4.1/bin/../lib/gcc/arm-none-eabi/5.4.1/../../../../arm-none-eabi/lib/armv6-m\libg_nano.a(lib_a-init.o)
                0x00002404                __libc_init_array
 .text.memcpy   0x00002450       0x12 c:/program files (x86)/cypress/psoc creator/4.2/psoc creator/import/gnu/arm/5.4.1/bin/../lib/gcc/arm-none-eabi/5.4.1/../../../../arm-none-eabi/lib/armv6-m\libg_nano.a(lib_a-memcpy-stub.o)
                0x00002450                memcpy
 .text.memset   0x00002462       0x10 c:/program files (x86)/cypress/psoc creator/4.2/psoc creator/import/gnu/arm/5.4.1/bin/../lib/gcc/arm-none-eabi/5.4.1/../../../../arm-none-eabi/lib/armv6-m\libg_nano.a(lib_a-memset.o)
                0x00002462                memset
 *(.plt)
 *(.gnu.warning)
 *(.glue_7t)
 .glue_7t       0x00002472        0x0 linker stubs
 *(.glue_7)
 .glue_7        0x00002472        0x0 linker stubs
 *(.vfp11_veneer)
 .vfp11_veneer  0x00002472        0x0 linker stubs
 *(.bootloader)
 *(.ARM.extab* .gnu.linkonce.armextab.*)
 *(.gcc_except_table)

.v4_bx          0x00002474        0x0
 .v4_bx         0x00002474        0x0 linker stubs

.iplt           0x00002474        0x0
 .iplt          0x00002474        0x0 c:/program files (x86)/cypress/psoc creator/4.2/psoc creator/import/gnu/arm/5.4.1/bin/../lib/gcc/arm-none-eabi/5.4.1/armv6-m/crtbegin.o

.eh_frame_hdr
 *(.eh_frame_hdr)

.eh_frame       0x00002474        0x4
 *(.eh_frame)
 .eh_frame      0x00002474        0x0 c:/program files (x86)/cypress/psoc creator/4.2/psoc creator/import/gnu/arm/5.4.1/bin/../lib/gcc/arm-none-eabi/5.4.1/armv6-m/crtbegin.o
 .eh_frame      0x00002474        0x4 c:/program files (x86)/cypress/psoc creator/4.2/psoc creator/import/gnu/arm/5.4.1/bin/../lib/gcc/arm-none-eabi/5.4.1/armv6-m/crtend.o
                [!provide]                PROVIDE (__exidx_start, .)

.ARM.exidx
 *(.ARM.exidx* .gnu.linkonce.armexidx.*)
                0x00002478                __exidx_end = .

.rodata         0x00002478      0x670
 *(.rodata .rodata.* .gnu.linkonce.r.*)
 .rodata        0x00002478       0x58 .\CortexM0\ARM_GCC_541\Debug\main.o
 .rodata.str1.4
                0x000024d0      0x255 .\CortexM0\ARM_GCC_541\Debug\main.o
 *fill*         0x00002725        0x3 
 .rodata        0x00002728       0x48 .\CortexM0\ARM_GCC_541\Debug\modbus.o
 .rodata.str1.4
                0x00002770       0x18 .\CortexM0\ARM_GCC_541\Debug\modbus.o
                                 0x17 (size before relaxing)
 .rodata        0x00002788      0x2f8 .\CortexM0\ARM_GCC_541\Debug\cyfitter_cfg.o
 .rodata        0x00002a80       0x2e .\CortexM0\ARM_GCC_541\Debug\Basic_1_Modbus_RTU_PSOC4.a(CyLib.o)
                0x00002a80                cyImoFreqMhz2Reg
 .rodata.str1.1
                0x00002aae        0x2 c:/program files (x86)/cypress/psoc creator/4.2/psoc creator/import/gnu/arm/5.4.1/bin/../lib/gcc/arm-none-eabi/5.4.1/../../../../arm-none-eabi/lib/armv6-m\libg_nano.a(lib_a-impure.o)
                0x00002ab0                . = ALIGN (0x4)
 *(.init)
 .init          0x00002ab0        0x4 c:/program files (x86)/cypress/psoc creator/4.2/psoc creator/import/gnu/arm/5.4.1/bin/../lib/gcc/arm-none-eabi/5.4.1/armv6-m/crti.o
                0x00002ab0                _init
 .init          0x00002ab4        0x8 c:/program files (x86)/cypress/psoc creator/4.2/psoc creator/import/gnu/arm/5.4.1/bin/../lib/gcc/arm-none-eabi/5.4.1/armv6-m/crtn.o
                0x00002abc                . = ALIGN (0x4)
                0x00002abc                __preinit_array_start = .
 *(.preinit_array)
                0x00002abc                __preinit_array_end = .
                0x00002abc                . = ALIGN (0x4)
                0x00002abc                __init_array_start = .
 *(SORT(.init_array.*))
 *(.init_array)
 .init_array    0x00002abc        0x4 c:/program files (x86)/cypress/psoc creator/4.2/psoc creator/import/gnu/arm/5.4.1/bin/../lib/gcc/arm-none-eabi/5.4.1/armv6-m/crtbegin.o
 .init_array    0x00002ac0        0x4 .\CortexM0\ARM_GCC_541\Debug\Cm0Start.o
                0x00002ac4                __init_array_end = .
                0x00002ac4                . = ALIGN (0x4)
 *(.fini)
 .fini          0x00002ac4        0x4 c:/program files (x86)/cypress/psoc creator/4.2/psoc creator/import/gnu/arm/5.4.1/bin/../lib/gcc/arm-none-eabi/5.4.1/armv6-m/crti.o
                0x00002ac4                _fini
 .fini          0x00002ac8        0x8 c:/program files (x86)/cypress/psoc creator/4.2/psoc creator/import/gnu/arm/5.4.1/bin/../lib/gcc/arm-none-eabi/5.4.1/armv6-m/crtn.o
                0x00002ad0                . = ALIGN (0x4)
                0x00002ad0                __fini_array_start = .
 *(.fini_array)
 .fini_array    0x00002ad0        0x4 c:/program files (x86)/cypress/psoc creator/4.2/psoc creator/import/gnu/arm/5.4.1/bin/../lib/gcc/arm-none-eabi/5.4.1/armv6-m/crtbegin.o
 *(SORT(.fini_array.*))
                0x00002ad4                __fini_array_end = .
                0x00002ad4                . = ALIGN (0x4)
 *crtbegin.o(.ctors)
 *(EXCLUDE_FILE(*crtend.o) .ctors)
 *(SORT(.ctors.*))
 *crtend.o(.ctors)
                0x00002ad4                . = ALIGN (0x4)
 *crtbegin.o(.dtors)
 *(EXCLUDE_FILE(*crtend.o) .dtors)
 *(SORT(.dtors.*))
 *crtend.o(.dtors)
                0x00002ad4                . = ALIGN (0x4)
                0x00002ad4                __cy_regions = .
                0x00002ad4        0x4 LONG 0x2ae8 __cy_region_init_ram
                0x00002ad8        0x4 LONG 0x200000c8 __cy_region_start_data
                0x00002adc        0x4 LONG 0x88 __cy_region_init_size_ram
                0x00002ae0        0x4 LONG 0x110 __cy_region_zero_size_ram
                0x00002ae4                __cy_regions_end = .
                0x00002ae8                . = ALIGN (0x8)
 *fill*         0x00002ae4        0x4 
                0x00002ae8                _etext = .

.ramvectors     0x20000000       0xc0
                0x20000000                __cy_region_start_ram = .
 *(.ramvectors)
 .ramvectors    0x20000000       0xc0 .\CortexM0\ARM_GCC_541\Debug\Cm0Start.o
                0x20000000                CyRamVectors

.btldr_run      0x200000c0        0x4
 *(.bootloaderruntype)
 .bootloaderruntype
                0x200000c0        0x4 .\CortexM0\ARM_GCC_541\Debug\Cm0Start.o
                0x200000c0                cyBtldrRunType

.noinit
 *(.noinit)

.data           0x200000c8       0x88 load address 0x00002ae8
                0x200000c8                __cy_region_start_data = .
 *(.jcr)
 .jcr           0x200000c8        0x0 c:/program files (x86)/cypress/psoc creator/4.2/psoc creator/import/gnu/arm/5.4.1/bin/../lib/gcc/arm-none-eabi/5.4.1/armv6-m/crtbegin.o
 .jcr           0x200000c8        0x4 c:/program files (x86)/cypress/psoc creator/4.2/psoc creator/import/gnu/arm/5.4.1/bin/../lib/gcc/arm-none-eabi/5.4.1/armv6-m/crtend.o
 *(.got.plt)
 *(.got)
 *(.shdata)
 *(.data .data.* .gnu.linkonce.d.*)
 .data          0x200000cc        0x1 .\CortexM0\ARM_GCC_541\Debug\modbus.o
 *fill*         0x200000cd        0x3 
 .data          0x200000d0       0x14 .\CortexM0\ARM_GCC_541\Debug\Basic_1_Modbus_RTU_PSOC4.a(CyLib.o)
                0x200000d0                CySysClkPumpConfig
                0x200000d4                cydelay32kMs
                0x200000d8                cydelayFreqKhz
                0x200000dc                cydelayFreqMhz
                0x200000e0                cydelayFreqHz
 .data          0x200000e4        0x4 .\CortexM0\ARM_GCC_541\Debug\Basic_1_Modbus_RTU_PSOC4.a(CyLFClk.o)
 .data.impure_data
                0x200000e8       0x60 c:/program files (x86)/cypress/psoc creator/4.2/psoc creator/import/gnu/arm/5.4.1/bin/../lib/gcc/arm-none-eabi/5.4.1/../../../../arm-none-eabi/lib/armv6-m\libg_nano.a(lib_a-impure.o)
 .data._impure_ptr
                0x20000148        0x4 c:/program files (x86)/cypress/psoc creator/4.2/psoc creator/import/gnu/arm/5.4.1/bin/../lib/gcc/arm-none-eabi/5.4.1/../../../../arm-none-eabi/lib/armv6-m\libg_nano.a(lib_a-impure.o)
                0x20000148                _impure_ptr
                0x20000150                . = ALIGN (0x8)
 *fill*         0x2000014c        0x4 
 *(.ram)
                0x20000150                _edata = .

.igot.plt       0x20000150        0x0 load address 0x00002b70
 .igot.plt      0x20000150        0x0 c:/program files (x86)/cypress/psoc creator/4.2/psoc creator/import/gnu/arm/5.4.1/bin/../lib/gcc/arm-none-eabi/5.4.1/armv6-m/crtbegin.o

.bss            0x20000150      0x110 load address 0x00002b70
                0x20000150                PROVIDE (__bss_start__, .)
 *(.shbss)
 *(.bss .bss.* .gnu.linkonce.b.*)
 .bss           0x20000150       0x1c c:/program files (x86)/cypress/psoc creator/4.2/psoc creator/import/gnu/arm/5.4.1/bin/../lib/gcc/arm-none-eabi/5.4.1/armv6-m/crtbegin.o
 .bss           0x2000016c       0x54 .\CortexM0\ARM_GCC_541\Debug\modbus.o
                0x200001b4                _modbus_timer_finished
 .bss           0x200001c0       0x44 .\CortexM0\ARM_GCC_541\Debug\modbus-local-uart.o
                0x200001c0                rs_rd_buf
 .bss           0x20000204       0x20 .\CortexM0\ARM_GCC_541\Debug\Basic_1_Modbus_RTU_PSOC4.a(CyLFClk.o)
 .bss           0x20000224        0x4 .\CortexM0\ARM_GCC_541\Debug\Basic_1_Modbus_RTU_PSOC4.a(USB_UART.o)
                0x20000224                USB_UART_initVar
                0x20000226                USB_UART_IntrTxMask
 .bss           0x20000228        0x2 .\CortexM0\ARM_GCC_541\Debug\Basic_1_Modbus_RTU_PSOC4.a(RS485.o)
                0x20000228                RS485_initVar
 *(COMMON)
 *fill*         0x2000022a        0x2 
 COMMON         0x2000022c       0x28 .\CortexM0\ARM_GCC_541\Debug\main.o
                0x2000022c                data
 COMMON         0x20000254        0x5 .\CortexM0\ARM_GCC_541\Debug\modbus.o
                0x20000254                mb_nr_regs
                0x20000256                mb_address
                0x20000258                mb_resp_bytes
                0x20000260                . = ALIGN (0x8)
 *fill*         0x20000259        0x7 
 *(.ram.b)
                0x20000260                _end = .
                0x20000260                __end = .
                0x20000260                PROVIDE (end, .)
                0x20000260                PROVIDE (__bss_end__, .)
                0x00002ae8                __cy_region_init_ram = LOADADDR (.data)
                0x00000088                __cy_region_init_size_ram = (_edata - ADDR (.data))
                0x00000110                __cy_region_zero_size_ram = (_end - _edata)

.heap           0x20000260       0x80 load address 0x00002b70
                0x20000260                . = _end
                0x200002e0                . = (. + 0x80)
 *fill*         0x20000260       0x80 
                0x200002e0                __cy_heap_limit = .

.stack          0x20000c00      0x400
                0x20000c00                __cy_stack_limit = .
                0x20001000                . = (. + 0x400)
 *fill*         0x20000c00      0x400 
                0x00000001                ASSERT ((__cy_stack_limit >= __cy_heap_limit), region RAM overflowed with stack)

.cy_checksum_exclude
                0x00007f80        0x0
 *(.cy_checksum_exclude)
                0x00000000                cy_checksum_exclude_size = (CY_APPL_LOADABLE == 0x1)?SIZEOF (.cy_checksum_exclude):0x0
                0x00000001                ASSERT ((cy_checksum_exclude_size <= CY_CHECKSUM_EXCLUDE_SIZE), CY_BOOT: Section .cy_checksum_exclude size exceedes specified limit.)
                0xf0000000                cyloadermeta_start = (cy_project_type_bootloader || cy_project_type_app_for_stack_and_copier)?(LENGTH (rom) - CY_METADATA_SIZE):0xf0000000

.cyloadermeta   0xf0000000       0x40
 *(.cyloadermeta)
 .cyloadermeta  0xf0000000       0x40 .\CortexM0\ARM_GCC_541\Debug\cybootloader.o
                0xf0000000                cy_meta_loader
                0x00007fc0                cyloadablemeta_start = cy_project_type_app_for_stack_and_copier?((LENGTH (rom) - CY_FLASH_ROW_SIZE) - CY_METADATA_SIZE):((LENGTH (rom) - (CY_FLASH_ROW_SIZE * (CY_APPL_NUM - 0x1))) - CY_METADATA_SIZE)

.cyloadablemeta
                0x00007fc0       0x40
 *(.cyloadablemeta)
 .cyloadablemeta
                0x00007fc0       0x40 .\CortexM0\ARM_GCC_541\Debug\cymetadata.o
                0x00007fc0                cy_meta_loadable

.cyflashprotect
                0x90400000       0x20
 *(.cyflashprotect)
 .cyflashprotect
                0x90400000       0x20 .\CortexM0\ARM_GCC_541\Debug\cybootloader.o
                0x90400000                cy_meta_flashprotect

.cymeta         0x90500000        0xc
 *(.cymeta)
 .cymeta        0x90500000        0xc .\CortexM0\ARM_GCC_541\Debug\cybootloader.o
                0x90500000                cy_metadata

.cychipprotect  0x90600000        0x1
 *(.cychipprotect)
 .cychipprotect
                0x90600000        0x1 .\CortexM0\ARM_GCC_541\Debug\cybootloader.o
                0x90600000                cy_meta_chipprotect

.rel.dyn        0x00008000        0x0 load address 0x90600004
 .rel.iplt      0x00008000        0x0 c:/program files (x86)/cypress/psoc creator/4.2/psoc creator/import/gnu/arm/5.4.1/bin/../lib/gcc/arm-none-eabi/5.4.1/armv6-m/crtbegin.o

.stab
 *(.stab)

.stabstr
 *(.stabstr)

.debug
 *(.debug)

.line
 *(.line)

.debug_srcinfo
 *(.debug_srcinfo)

.debug_sfnames
 *(.debug_sfnames)

.debug_aranges  0x00000000      0xa18
 *(.debug_aranges)
 .debug_aranges
                0x00000000       0x38 .\CortexM0\ARM_GCC_541\Debug\main.o
 .debug_aranges
                0x00000038       0xa0 .\CortexM0\ARM_GCC_541\Debug\modbus.o
 .debug_aranges
                0x000000d8       0x40 .\CortexM0\ARM_GCC_541\Debug\modbus-local-timer_tcpwm.o
 .debug_aranges
                0x00000118       0x40 .\CortexM0\ARM_GCC_541\Debug\modbus-local-uart.o
 .debug_aranges
                0x00000158       0x38 .\CortexM0\ARM_GCC_541\Debug\ringbuffer.o
 .debug_aranges
                0x00000190       0x40 .\CortexM0\ARM_GCC_541\Debug\cyfitter_cfg.o
 .debug_aranges
                0x000001d0       0x18 .\CortexM0\ARM_GCC_541\Debug\cymetadata.o
 .debug_aranges
                0x000001e8       0x48 .\CortexM0\ARM_GCC_541\Debug\Cm0Start.o
 .debug_aranges
                0x00000230       0x18 .\CortexM0\ARM_GCC_541\Debug\cybootloader.o
 .debug_aranges
                0x00000248       0x48 .\CortexM0\ARM_GCC_541\Debug\Basic_1_Modbus_RTU_PSOC4.a(LED1.o)
 .debug_aranges
                0x00000290      0x180 .\CortexM0\ARM_GCC_541\Debug\Basic_1_Modbus_RTU_PSOC4.a(CyLib.o)
 .debug_aranges
                0x00000410      0x138 .\CortexM0\ARM_GCC_541\Debug\Basic_1_Modbus_RTU_PSOC4.a(CyLFClk.o)
 .debug_aranges
                0x00000548       0x60 .\CortexM0\ARM_GCC_541\Debug\Basic_1_Modbus_RTU_PSOC4.a(USB_UART.o)
 .debug_aranges
                0x000005a8       0x68 .\CortexM0\ARM_GCC_541\Debug\Basic_1_Modbus_RTU_PSOC4.a(USB_UART_UART.o)
 .debug_aranges
                0x00000610       0x80 .\CortexM0\ARM_GCC_541\Debug\Basic_1_Modbus_RTU_PSOC4.a(RS485_RX_ISR.o)
 .debug_aranges
                0x00000690       0xf0 .\CortexM0\ARM_GCC_541\Debug\Basic_1_Modbus_RTU_PSOC4.a(RS485.o)
 .debug_aranges
                0x00000780      0x158 .\CortexM0\ARM_GCC_541\Debug\Basic_1_Modbus_RTU_PSOC4.a(MODBUS_TIMER.o)
 .debug_aranges
                0x000008d8       0x80 .\CortexM0\ARM_GCC_541\Debug\Basic_1_Modbus_RTU_PSOC4.a(MODBUS_TIMEOUT.o)
 .debug_aranges
                0x00000958       0x40 .\CortexM0\ARM_GCC_541\Debug\Basic_1_Modbus_RTU_PSOC4.a(RS485_IntClock.o)
 .debug_aranges
                0x00000998       0x20 .\CortexM0\ARM_GCC_541\Debug\Basic_1_Modbus_RTU_PSOC4.a(CyBootAsmGnu.o)
 .debug_aranges
                0x000009b8       0x60 .\CortexM0\ARM_GCC_541\Debug\Basic_1_Modbus_RTU_PSOC4.a(USB_UART_SPI_UART.o)

.debug_pubnames
 *(.debug_pubnames)

.debug_info     0x00000000     0x5977
 *(.debug_info .gnu.linkonce.wi.*)
 .debug_info    0x00000000      0x74e .\CortexM0\ARM_GCC_541\Debug\main.o
 .debug_info    0x0000074e      0x854 .\CortexM0\ARM_GCC_541\Debug\modbus.o
 .debug_info    0x00000fa2      0x203 .\CortexM0\ARM_GCC_541\Debug\modbus-local-timer_tcpwm.o
 .debug_info    0x000011a5      0x32e .\CortexM0\ARM_GCC_541\Debug\modbus-local-uart.o
 .debug_info    0x000014d3      0x1b8 .\CortexM0\ARM_GCC_541\Debug\ringbuffer.o
 .debug_info    0x0000168b      0x51a .\CortexM0\ARM_GCC_541\Debug\cyfitter_cfg.o
 .debug_info    0x00001ba5       0xac .\CortexM0\ARM_GCC_541\Debug\cymetadata.o
 .debug_info    0x00001c51      0x3b3 .\CortexM0\ARM_GCC_541\Debug\Cm0Start.o
 .debug_info    0x00002004      0x153 .\CortexM0\ARM_GCC_541\Debug\cybootloader.o
 .debug_info    0x00002157      0x19d .\CortexM0\ARM_GCC_541\Debug\Basic_1_Modbus_RTU_PSOC4.a(LED1.o)
 .debug_info    0x000022f4      0xaec .\CortexM0\ARM_GCC_541\Debug\Basic_1_Modbus_RTU_PSOC4.a(CyLib.o)
 .debug_info    0x00002de0      0xcfe .\CortexM0\ARM_GCC_541\Debug\Basic_1_Modbus_RTU_PSOC4.a(CyLFClk.o)
 .debug_info    0x00003ade      0x24c .\CortexM0\ARM_GCC_541\Debug\Basic_1_Modbus_RTU_PSOC4.a(USB_UART.o)
 .debug_info    0x00003d2a      0x310 .\CortexM0\ARM_GCC_541\Debug\Basic_1_Modbus_RTU_PSOC4.a(USB_UART_UART.o)
 .debug_info    0x0000403a      0x305 .\CortexM0\ARM_GCC_541\Debug\Basic_1_Modbus_RTU_PSOC4.a(RS485_RX_ISR.o)
 .debug_info    0x0000433f      0x60a .\CortexM0\ARM_GCC_541\Debug\Basic_1_Modbus_RTU_PSOC4.a(RS485.o)
 .debug_info    0x00004949      0x8f5 .\CortexM0\ARM_GCC_541\Debug\Basic_1_Modbus_RTU_PSOC4.a(MODBUS_TIMER.o)
 .debug_info    0x0000523e      0x305 .\CortexM0\ARM_GCC_541\Debug\Basic_1_Modbus_RTU_PSOC4.a(MODBUS_TIMEOUT.o)
 .debug_info    0x00005543      0x14e .\CortexM0\ARM_GCC_541\Debug\Basic_1_Modbus_RTU_PSOC4.a(RS485_IntClock.o)
 .debug_info    0x00005691       0xc6 .\CortexM0\ARM_GCC_541\Debug\Basic_1_Modbus_RTU_PSOC4.a(CyBootAsmGnu.o)
 .debug_info    0x00005757      0x220 .\CortexM0\ARM_GCC_541\Debug\Basic_1_Modbus_RTU_PSOC4.a(USB_UART_SPI_UART.o)

.debug_abbrev   0x00000000     0x19ca
 *(.debug_abbrev)
 .debug_abbrev  0x00000000      0x132 .\CortexM0\ARM_GCC_541\Debug\main.o
 .debug_abbrev  0x00000132      0x267 .\CortexM0\ARM_GCC_541\Debug\modbus.o
 .debug_abbrev  0x00000399       0xc7 .\CortexM0\ARM_GCC_541\Debug\modbus-local-timer_tcpwm.o
 .debug_abbrev  0x00000460      0x12b .\CortexM0\ARM_GCC_541\Debug\modbus-local-uart.o
 .debug_abbrev  0x0000058b      0x10b .\CortexM0\ARM_GCC_541\Debug\ringbuffer.o
 .debug_abbrev  0x00000696      0x1d4 .\CortexM0\ARM_GCC_541\Debug\cyfitter_cfg.o
 .debug_abbrev  0x0000086a       0x5d .\CortexM0\ARM_GCC_541\Debug\cymetadata.o
 .debug_abbrev  0x000008c7      0x1e8 .\CortexM0\ARM_GCC_541\Debug\Cm0Start.o
 .debug_abbrev  0x00000aaf       0x77 .\CortexM0\ARM_GCC_541\Debug\cybootloader.o
 .debug_abbrev  0x00000b26       0xc8 .\CortexM0\ARM_GCC_541\Debug\Basic_1_Modbus_RTU_PSOC4.a(LED1.o)
 .debug_abbrev  0x00000bee      0x1e0 .\CortexM0\ARM_GCC_541\Debug\Basic_1_Modbus_RTU_PSOC4.a(CyLib.o)
 .debug_abbrev  0x00000dce      0x210 .\CortexM0\ARM_GCC_541\Debug\Basic_1_Modbus_RTU_PSOC4.a(CyLFClk.o)
 .debug_abbrev  0x00000fde       0xed .\CortexM0\ARM_GCC_541\Debug\Basic_1_Modbus_RTU_PSOC4.a(USB_UART.o)
 .debug_abbrev  0x000010cb      0x123 .\CortexM0\ARM_GCC_541\Debug\Basic_1_Modbus_RTU_PSOC4.a(USB_UART_UART.o)
 .debug_abbrev  0x000011ee      0x19a .\CortexM0\ARM_GCC_541\Debug\Basic_1_Modbus_RTU_PSOC4.a(RS485_RX_ISR.o)
 .debug_abbrev  0x00001388      0x175 .\CortexM0\ARM_GCC_541\Debug\Basic_1_Modbus_RTU_PSOC4.a(RS485.o)
 .debug_abbrev  0x000014fd      0x119 .\CortexM0\ARM_GCC_541\Debug\Basic_1_Modbus_RTU_PSOC4.a(MODBUS_TIMER.o)
 .debug_abbrev  0x00001616      0x19a .\CortexM0\ARM_GCC_541\Debug\Basic_1_Modbus_RTU_PSOC4.a(MODBUS_TIMEOUT.o)
 .debug_abbrev  0x000017b0       0xb7 .\CortexM0\ARM_GCC_541\Debug\Basic_1_Modbus_RTU_PSOC4.a(RS485_IntClock.o)
 .debug_abbrev  0x00001867       0x14 .\CortexM0\ARM_GCC_541\Debug\Basic_1_Modbus_RTU_PSOC4.a(CyBootAsmGnu.o)
 .debug_abbrev  0x0000187b      0x14f .\CortexM0\ARM_GCC_541\Debug\Basic_1_Modbus_RTU_PSOC4.a(USB_UART_SPI_UART.o)

.debug_line     0x00000000     0x27f6
 *(.debug_line)
 .debug_line    0x00000000      0x252 .\CortexM0\ARM_GCC_541\Debug\main.o
 .debug_line    0x00000252      0x334 .\CortexM0\ARM_GCC_541\Debug\modbus.o
 .debug_line    0x00000586      0x204 .\CortexM0\ARM_GCC_541\Debug\modbus-local-timer_tcpwm.o
 .debug_line    0x0000078a      0x1fd .\CortexM0\ARM_GCC_541\Debug\modbus-local-uart.o
 .debug_line    0x00000987      0x18f .\CortexM0\ARM_GCC_541\Debug\ringbuffer.o
 .debug_line    0x00000b16      0x1a1 .\CortexM0\ARM_GCC_541\Debug\cyfitter_cfg.o
 .debug_line    0x00000cb7      0x141 .\CortexM0\ARM_GCC_541\Debug\cymetadata.o
 .debug_line    0x00000df8      0x238 .\CortexM0\ARM_GCC_541\Debug\Cm0Start.o
 .debug_line    0x00001030       0x53 .\CortexM0\ARM_GCC_541\Debug\cybootloader.o
 .debug_line    0x00001083       0xbc .\CortexM0\ARM_GCC_541\Debug\Basic_1_Modbus_RTU_PSOC4.a(LED1.o)
 .debug_line    0x0000113f      0x460 .\CortexM0\ARM_GCC_541\Debug\Basic_1_Modbus_RTU_PSOC4.a(CyLib.o)
 .debug_line    0x0000159f      0x466 .\CortexM0\ARM_GCC_541\Debug\Basic_1_Modbus_RTU_PSOC4.a(CyLFClk.o)
 .debug_line    0x00001a05      0x12f .\CortexM0\ARM_GCC_541\Debug\Basic_1_Modbus_RTU_PSOC4.a(USB_UART.o)
 .debug_line    0x00001b34      0x179 .\CortexM0\ARM_GCC_541\Debug\Basic_1_Modbus_RTU_PSOC4.a(USB_UART_UART.o)
 .debug_line    0x00001cad      0x154 .\CortexM0\ARM_GCC_541\Debug\Basic_1_Modbus_RTU_PSOC4.a(RS485_RX_ISR.o)
 .debug_line    0x00001e01      0x2e0 .\CortexM0\ARM_GCC_541\Debug\Basic_1_Modbus_RTU_PSOC4.a(RS485.o)
 .debug_line    0x000020e1      0x380 .\CortexM0\ARM_GCC_541\Debug\Basic_1_Modbus_RTU_PSOC4.a(MODBUS_TIMER.o)
 .debug_line    0x00002461      0x15a .\CortexM0\ARM_GCC_541\Debug\Basic_1_Modbus_RTU_PSOC4.a(MODBUS_TIMEOUT.o)
 .debug_line    0x000025bb       0xb4 .\CortexM0\ARM_GCC_541\Debug\Basic_1_Modbus_RTU_PSOC4.a(RS485_IntClock.o)
 .debug_line    0x0000266f       0x69 .\CortexM0\ARM_GCC_541\Debug\Basic_1_Modbus_RTU_PSOC4.a(CyBootAsmGnu.o)
 .debug_line    0x000026d8      0x11e .\CortexM0\ARM_GCC_541\Debug\Basic_1_Modbus_RTU_PSOC4.a(USB_UART_SPI_UART.o)

.debug_frame    0x00000000     0x18e8
 *(.debug_frame)
 .debug_frame   0x00000000       0x80 .\CortexM0\ARM_GCC_541\Debug\main.o
 .debug_frame   0x00000080      0x1ac .\CortexM0\ARM_GCC_541\Debug\modbus.o
 .debug_frame   0x0000022c       0x9c .\CortexM0\ARM_GCC_541\Debug\modbus-local-timer_tcpwm.o
 .debug_frame   0x000002c8       0x9c .\CortexM0\ARM_GCC_541\Debug\modbus-local-uart.o
 .debug_frame   0x00000364       0x68 .\CortexM0\ARM_GCC_541\Debug\ringbuffer.o
 .debug_frame   0x000003cc       0xac .\CortexM0\ARM_GCC_541\Debug\cyfitter_cfg.o
 .debug_frame   0x00000478       0xbc .\CortexM0\ARM_GCC_541\Debug\Cm0Start.o
 .debug_frame   0x00000534       0x70 .\CortexM0\ARM_GCC_541\Debug\Basic_1_Modbus_RTU_PSOC4.a(LED1.o)
 .debug_frame   0x000005a4      0x3e0 .\CortexM0\ARM_GCC_541\Debug\Basic_1_Modbus_RTU_PSOC4.a(CyLib.o)
 .debug_frame   0x00000984      0x3a8 .\CortexM0\ARM_GCC_541\Debug\Basic_1_Modbus_RTU_PSOC4.a(CyLFClk.o)
 .debug_frame   0x00000d2c       0xe8 .\CortexM0\ARM_GCC_541\Debug\Basic_1_Modbus_RTU_PSOC4.a(USB_UART.o)
 .debug_frame   0x00000e14       0xf4 .\CortexM0\ARM_GCC_541\Debug\Basic_1_Modbus_RTU_PSOC4.a(USB_UART_UART.o)
 .debug_frame   0x00000f08      0x110 .\CortexM0\ARM_GCC_541\Debug\Basic_1_Modbus_RTU_PSOC4.a(RS485_RX_ISR.o)
 .debug_frame   0x00001018      0x234 .\CortexM0\ARM_GCC_541\Debug\Basic_1_Modbus_RTU_PSOC4.a(RS485.o)
 .debug_frame   0x0000124c      0x3a0 .\CortexM0\ARM_GCC_541\Debug\Basic_1_Modbus_RTU_PSOC4.a(MODBUS_TIMER.o)
 .debug_frame   0x000015ec      0x110 .\CortexM0\ARM_GCC_541\Debug\Basic_1_Modbus_RTU_PSOC4.a(MODBUS_TIMEOUT.o)
 .debug_frame   0x000016fc       0x60 .\CortexM0\ARM_GCC_541\Debug\Basic_1_Modbus_RTU_PSOC4.a(RS485_IntClock.o)
 .debug_frame   0x0000175c       0xb0 .\CortexM0\ARM_GCC_541\Debug\Basic_1_Modbus_RTU_PSOC4.a(USB_UART_SPI_UART.o)
 .debug_frame   0x0000180c       0x20 c:/program files (x86)/cypress/psoc creator/4.2/psoc creator/import/gnu/arm/5.4.1/bin/../lib/gcc/arm-none-eabi/5.4.1/armv6-m\libgcc.a(_udivsi3.o)
 .debug_frame   0x0000182c       0x20 c:/program files (x86)/cypress/psoc creator/4.2/psoc creator/import/gnu/arm/5.4.1/bin/../lib/gcc/arm-none-eabi/5.4.1/../../../../arm-none-eabi/lib/armv6-m\libg_nano.a(lib_a-errno.o)
 .debug_frame   0x0000184c       0x28 c:/program files (x86)/cypress/psoc creator/4.2/psoc creator/import/gnu/arm/5.4.1/bin/../lib/gcc/arm-none-eabi/5.4.1/../../../../arm-none-eabi/lib/armv6-m\libg_nano.a(lib_a-exit.o)
 .debug_frame   0x00001874       0x2c c:/program files (x86)/cypress/psoc creator/4.2/psoc creator/import/gnu/arm/5.4.1/bin/../lib/gcc/arm-none-eabi/5.4.1/../../../../arm-none-eabi/lib/armv6-m\libg_nano.a(lib_a-init.o)
 .debug_frame   0x000018a0       0x28 c:/program files (x86)/cypress/psoc creator/4.2/psoc creator/import/gnu/arm/5.4.1/bin/../lib/gcc/arm-none-eabi/5.4.1/../../../../arm-none-eabi/lib/armv6-m\libg_nano.a(lib_a-memcpy-stub.o)
 .debug_frame   0x000018c8       0x20 c:/program files (x86)/cypress/psoc creator/4.2/psoc creator/import/gnu/arm/5.4.1/bin/../lib/gcc/arm-none-eabi/5.4.1/../../../../arm-none-eabi/lib/armv6-m\libg_nano.a(lib_a-memset.o)

.debug_str      0x00000000     0x245e
 *(.debug_str)
 .debug_str     0x00000000      0x2e0 .\CortexM0\ARM_GCC_541\Debug\main.o
                                0x346 (size before relaxing)
 .debug_str     0x000002e0      0x3fb .\CortexM0\ARM_GCC_541\Debug\modbus.o
                                0x6f7 (size before relaxing)
 .debug_str     0x000006db       0xc2 .\CortexM0\ARM_GCC_541\Debug\modbus-local-timer_tcpwm.o
                                0x2fc (size before relaxing)
 .debug_str     0x0000079d       0xfa .\CortexM0\ARM_GCC_541\Debug\modbus-local-uart.o
                                0x368 (size before relaxing)
 .debug_str     0x00000897       0x1e .\CortexM0\ARM_GCC_541\Debug\ringbuffer.o
                                0x24d (size before relaxing)
 .debug_str     0x000008b5      0x17b .\CortexM0\ARM_GCC_541\Debug\cyfitter_cfg.o
                                0x36a (size before relaxing)
 .debug_str     0x00000a30       0x35 .\CortexM0\ARM_GCC_541\Debug\cymetadata.o
                                0x1da (size before relaxing)
 .debug_str     0x00000a65      0x144 .\CortexM0\ARM_GCC_541\Debug\Cm0Start.o
                                0x346 (size before relaxing)
 .debug_str     0x00000ba9       0x78 .\CortexM0\ARM_GCC_541\Debug\cybootloader.o
                                0x223 (size before relaxing)
 .debug_str     0x00000c21       0x9e .\CortexM0\ARM_GCC_541\Debug\Basic_1_Modbus_RTU_PSOC4.a(LED1.o)
                                0x265 (size before relaxing)
 .debug_str     0x00000cbf      0x4b2 .\CortexM0\ARM_GCC_541\Debug\Basic_1_Modbus_RTU_PSOC4.a(CyLib.o)
                                0x6ec (size before relaxing)
 .debug_str     0x00001171      0x52b .\CortexM0\ARM_GCC_541\Debug\Basic_1_Modbus_RTU_PSOC4.a(CyLFClk.o)
                                0x773 (size before relaxing)
 .debug_str     0x0000169c      0x14b .\CortexM0\ARM_GCC_541\Debug\Basic_1_Modbus_RTU_PSOC4.a(USB_UART.o)
                                0x325 (size before relaxing)
 .debug_str     0x000017e7      0x17a .\CortexM0\ARM_GCC_541\Debug\Basic_1_Modbus_RTU_PSOC4.a(USB_UART_UART.o)
                                0x3ae (size before relaxing)
 .debug_str     0x00001961      0x119 .\CortexM0\ARM_GCC_541\Debug\Basic_1_Modbus_RTU_PSOC4.a(RS485_RX_ISR.o)
                                0x382 (size before relaxing)
 .debug_str     0x00001a7a      0x25c .\CortexM0\ARM_GCC_541\Debug\Basic_1_Modbus_RTU_PSOC4.a(RS485.o)
                                0x4ca (size before relaxing)
 .debug_str     0x00001cd6      0x472 .\CortexM0\ARM_GCC_541\Debug\Basic_1_Modbus_RTU_PSOC4.a(MODBUS_TIMER.o)
                                0x70d (size before relaxing)
 .debug_str     0x00002148      0x14d .\CortexM0\ARM_GCC_541\Debug\Basic_1_Modbus_RTU_PSOC4.a(MODBUS_TIMEOUT.o)
                                0x39e (size before relaxing)
 .debug_str     0x00002295       0xca .\CortexM0\ARM_GCC_541\Debug\Basic_1_Modbus_RTU_PSOC4.a(RS485_IntClock.o)
                                0x2a9 (size before relaxing)
 .debug_str     0x0000235f       0xff .\CortexM0\ARM_GCC_541\Debug\Basic_1_Modbus_RTU_PSOC4.a(USB_UART_SPI_UART.o)
                                0x32c (size before relaxing)

.debug_loc      0x00000000     0x25ee
 *(.debug_loc)
 .debug_loc     0x00000000      0x15c .\CortexM0\ARM_GCC_541\Debug\main.o
 .debug_loc     0x0000015c      0x4ec .\CortexM0\ARM_GCC_541\Debug\modbus.o
 .debug_loc     0x00000648       0x68 .\CortexM0\ARM_GCC_541\Debug\modbus-local-uart.o
 .debug_loc     0x000006b0       0x60 .\CortexM0\ARM_GCC_541\Debug\ringbuffer.o
 .debug_loc     0x00000710      0x1fe .\CortexM0\ARM_GCC_541\Debug\cyfitter_cfg.o
 .debug_loc     0x0000090e      0x14f .\CortexM0\ARM_GCC_541\Debug\Cm0Start.o
 .debug_loc     0x00000a5d       0xa2 .\CortexM0\ARM_GCC_541\Debug\Basic_1_Modbus_RTU_PSOC4.a(LED1.o)
 .debug_loc     0x00000aff      0x599 .\CortexM0\ARM_GCC_541\Debug\Basic_1_Modbus_RTU_PSOC4.a(CyLib.o)
 .debug_loc     0x00001098      0x9b5 .\CortexM0\ARM_GCC_541\Debug\Basic_1_Modbus_RTU_PSOC4.a(CyLFClk.o)
 .debug_loc     0x00001a4d       0x7e .\CortexM0\ARM_GCC_541\Debug\Basic_1_Modbus_RTU_PSOC4.a(USB_UART.o)
 .debug_loc     0x00001acb      0x1e4 .\CortexM0\ARM_GCC_541\Debug\Basic_1_Modbus_RTU_PSOC4.a(USB_UART_UART.o)
 .debug_loc     0x00001caf       0x82 .\CortexM0\ARM_GCC_541\Debug\Basic_1_Modbus_RTU_PSOC4.a(RS485_RX_ISR.o)
 .debug_loc     0x00001d31      0x24b .\CortexM0\ARM_GCC_541\Debug\Basic_1_Modbus_RTU_PSOC4.a(RS485.o)
 .debug_loc     0x00001f7c      0x547 .\CortexM0\ARM_GCC_541\Debug\Basic_1_Modbus_RTU_PSOC4.a(MODBUS_TIMER.o)
 .debug_loc     0x000024c3       0x82 .\CortexM0\ARM_GCC_541\Debug\Basic_1_Modbus_RTU_PSOC4.a(MODBUS_TIMEOUT.o)
 .debug_loc     0x00002545       0x13 .\CortexM0\ARM_GCC_541\Debug\Basic_1_Modbus_RTU_PSOC4.a(RS485_IntClock.o)
 .debug_loc     0x00002558       0x96 .\CortexM0\ARM_GCC_541\Debug\Basic_1_Modbus_RTU_PSOC4.a(USB_UART_SPI_UART.o)

.debug_macinfo
 *(.debug_macinfo)

.debug_ranges   0x00000000      0x8a8
 *(.debug_ranges)
 .debug_ranges  0x00000000       0x28 .\CortexM0\ARM_GCC_541\Debug\main.o
 .debug_ranges  0x00000028       0x90 .\CortexM0\ARM_GCC_541\Debug\modbus.o
 .debug_ranges  0x000000b8       0x30 .\CortexM0\ARM_GCC_541\Debug\modbus-local-timer_tcpwm.o
 .debug_ranges  0x000000e8       0x30 .\CortexM0\ARM_GCC_541\Debug\modbus-local-uart.o
 .debug_ranges  0x00000118       0x28 .\CortexM0\ARM_GCC_541\Debug\ringbuffer.o
 .debug_ranges  0x00000140       0x30 .\CortexM0\ARM_GCC_541\Debug\cyfitter_cfg.o
 .debug_ranges  0x00000170       0x38 .\CortexM0\ARM_GCC_541\Debug\Cm0Start.o
 .debug_ranges  0x000001a8       0x38 .\CortexM0\ARM_GCC_541\Debug\Basic_1_Modbus_RTU_PSOC4.a(LED1.o)
 .debug_ranges  0x000001e0      0x170 .\CortexM0\ARM_GCC_541\Debug\Basic_1_Modbus_RTU_PSOC4.a(CyLib.o)
 .debug_ranges  0x00000350      0x128 .\CortexM0\ARM_GCC_541\Debug\Basic_1_Modbus_RTU_PSOC4.a(CyLFClk.o)
 .debug_ranges  0x00000478       0x50 .\CortexM0\ARM_GCC_541\Debug\Basic_1_Modbus_RTU_PSOC4.a(USB_UART.o)
 .debug_ranges  0x000004c8       0x58 .\CortexM0\ARM_GCC_541\Debug\Basic_1_Modbus_RTU_PSOC4.a(USB_UART_UART.o)
 .debug_ranges  0x00000520       0x70 .\CortexM0\ARM_GCC_541\Debug\Basic_1_Modbus_RTU_PSOC4.a(RS485_RX_ISR.o)
 .debug_ranges  0x00000590       0xe0 .\CortexM0\ARM_GCC_541\Debug\Basic_1_Modbus_RTU_PSOC4.a(RS485.o)
 .debug_ranges  0x00000670      0x148 .\CortexM0\ARM_GCC_541\Debug\Basic_1_Modbus_RTU_PSOC4.a(MODBUS_TIMER.o)
 .debug_ranges  0x000007b8       0x70 .\CortexM0\ARM_GCC_541\Debug\Basic_1_Modbus_RTU_PSOC4.a(MODBUS_TIMEOUT.o)
 .debug_ranges  0x00000828       0x30 .\CortexM0\ARM_GCC_541\Debug\Basic_1_Modbus_RTU_PSOC4.a(RS485_IntClock.o)
 .debug_ranges  0x00000858       0x50 .\CortexM0\ARM_GCC_541\Debug\Basic_1_Modbus_RTU_PSOC4.a(USB_UART_SPI_UART.o)

.comment        0x00000000       0x6e
 .comment       0x00000000       0x6e .\CortexM0\ARM_GCC_541\Debug\main.o
                                 0x6f (size before relaxing)
 .comment       0x0000006e       0x6f .\CortexM0\ARM_GCC_541\Debug\modbus.o
 .comment       0x0000006e       0x6f .\CortexM0\ARM_GCC_541\Debug\modbus-local-timer_tcpwm.o
 .comment       0x0000006e       0x6f .\CortexM0\ARM_GCC_541\Debug\modbus-local-uart.o
 .comment       0x0000006e       0x6f .\CortexM0\ARM_GCC_541\Debug\ringbuffer.o
 .comment       0x0000006e       0x6f .\CortexM0\ARM_GCC_541\Debug\cyfitter_cfg.o
 .comment       0x0000006e       0x6f .\CortexM0\ARM_GCC_541\Debug\cymetadata.o
 .comment       0x0000006e       0x6f .\CortexM0\ARM_GCC_541\Debug\Cm0Start.o
 .comment       0x0000006e       0x6f .\CortexM0\ARM_GCC_541\Debug\cybootloader.o
 .comment       0x0000006e       0x6f .\CortexM0\ARM_GCC_541\Debug\Basic_1_Modbus_RTU_PSOC4.a(LED1.o)
 .comment       0x0000006e       0x6f .\CortexM0\ARM_GCC_541\Debug\Basic_1_Modbus_RTU_PSOC4.a(CyLib.o)
 .comment       0x0000006e       0x6f .\CortexM0\ARM_GCC_541\Debug\Basic_1_Modbus_RTU_PSOC4.a(CyLFClk.o)
 .comment       0x0000006e       0x6f .\CortexM0\ARM_GCC_541\Debug\Basic_1_Modbus_RTU_PSOC4.a(USB_UART.o)
 .comment       0x0000006e       0x6f .\CortexM0\ARM_GCC_541\Debug\Basic_1_Modbus_RTU_PSOC4.a(USB_UART_UART.o)
 .comment       0x0000006e       0x6f .\CortexM0\ARM_GCC_541\Debug\Basic_1_Modbus_RTU_PSOC4.a(RS485_RX_ISR.o)
 .comment       0x0000006e       0x6f .\CortexM0\ARM_GCC_541\Debug\Basic_1_Modbus_RTU_PSOC4.a(RS485.o)
 .comment       0x0000006e       0x6f .\CortexM0\ARM_GCC_541\Debug\Basic_1_Modbus_RTU_PSOC4.a(MODBUS_TIMER.o)
 .comment       0x0000006e       0x6f .\CortexM0\ARM_GCC_541\Debug\Basic_1_Modbus_RTU_PSOC4.a(MODBUS_TIMEOUT.o)
 .comment       0x0000006e       0x6f .\CortexM0\ARM_GCC_541\Debug\Basic_1_Modbus_RTU_PSOC4.a(RS485_IntClock.o)
 .comment       0x0000006e       0x6f .\CortexM0\ARM_GCC_541\Debug\Basic_1_Modbus_RTU_PSOC4.a(USB_UART_SPI_UART.o)

.debug_weaknames
 *(.debug_weaknames)

.debug_funcnames
 *(.debug_funcnames)

.debug_typenames
 *(.debug_typenames)

.debug_varnames
 *(.debug_varnames)

.note.gnu.arm.ident
 *(.note.gnu.arm.ident)

.ARM.attributes
                0x00000000       0x28
 *(.ARM.attributes)
 .ARM.attributes
                0x00000000       0x1e c:/program files (x86)/cypress/psoc creator/4.2/psoc creator/import/gnu/arm/5.4.1/bin/../lib/gcc/arm-none-eabi/5.4.1/armv6-m/crti.o
 .ARM.attributes
                0x0000001e       0x2c c:/program files (x86)/cypress/psoc creator/4.2/psoc creator/import/gnu/arm/5.4.1/bin/../lib/gcc/arm-none-eabi/5.4.1/armv6-m/crtbegin.o
 .ARM.attributes
                0x0000004a       0x1b c:/program files (x86)/cypress/psoc creator/4.2/psoc creator/import/gnu/arm/5.4.1/bin/../lib/gcc/arm-none-eabi/5.4.1/../../../../arm-none-eabi/lib/armv6-m/crt0.o
 .ARM.attributes
                0x00000065       0x31 .\CortexM0\ARM_GCC_541\Debug\main.o
 .ARM.attributes
                0x00000096       0x31 .\CortexM0\ARM_GCC_541\Debug\modbus.o
 .ARM.attributes
                0x000000c7       0x31 .\CortexM0\ARM_GCC_541\Debug\modbus-local-timer_tcpwm.o
 .ARM.attributes
                0x000000f8       0x31 .\CortexM0\ARM_GCC_541\Debug\modbus-local-uart.o
 .ARM.attributes
                0x00000129       0x31 .\CortexM0\ARM_GCC_541\Debug\ringbuffer.o
 .ARM.attributes
                0x0000015a       0x31 .\CortexM0\ARM_GCC_541\Debug\cyfitter_cfg.o
 .ARM.attributes
                0x0000018b       0x31 .\CortexM0\ARM_GCC_541\Debug\cymetadata.o
 .ARM.attributes
                0x000001bc       0x31 .\CortexM0\ARM_GCC_541\Debug\Cm0Start.o
 .ARM.attributes
                0x000001ed       0x31 .\CortexM0\ARM_GCC_541\Debug\cybootloader.o
 .ARM.attributes
                0x0000021e       0x31 .\CortexM0\ARM_GCC_541\Debug\Basic_1_Modbus_RTU_PSOC4.a(LED1.o)
 .ARM.attributes
                0x0000024f       0x31 .\CortexM0\ARM_GCC_541\Debug\Basic_1_Modbus_RTU_PSOC4.a(CyLib.o)
 .ARM.attributes
                0x00000280       0x31 .\CortexM0\ARM_GCC_541\Debug\Basic_1_Modbus_RTU_PSOC4.a(CyLFClk.o)
 .ARM.attributes
                0x000002b1       0x31 .\CortexM0\ARM_GCC_541\Debug\Basic_1_Modbus_RTU_PSOC4.a(USB_UART.o)
 .ARM.attributes
                0x000002e2       0x31 .\CortexM0\ARM_GCC_541\Debug\Basic_1_Modbus_RTU_PSOC4.a(USB_UART_UART.o)
 .ARM.attributes
                0x00000313       0x31 .\CortexM0\ARM_GCC_541\Debug\Basic_1_Modbus_RTU_PSOC4.a(RS485_RX_ISR.o)
 .ARM.attributes
                0x00000344       0x31 .\CortexM0\ARM_GCC_541\Debug\Basic_1_Modbus_RTU_PSOC4.a(RS485.o)
 .ARM.attributes
                0x00000375       0x31 .\CortexM0\ARM_GCC_541\Debug\Basic_1_Modbus_RTU_PSOC4.a(MODBUS_TIMER.o)
 .ARM.attributes
                0x000003a6       0x31 .\CortexM0\ARM_GCC_541\Debug\Basic_1_Modbus_RTU_PSOC4.a(MODBUS_TIMEOUT.o)
 .ARM.attributes
                0x000003d7       0x31 .\CortexM0\ARM_GCC_541\Debug\Basic_1_Modbus_RTU_PSOC4.a(RS485_IntClock.o)
 .ARM.attributes
                0x00000408       0x21 .\CortexM0\ARM_GCC_541\Debug\Basic_1_Modbus_RTU_PSOC4.a(CyBootAsmGnu.o)
 .ARM.attributes
                0x00000429       0x31 .\CortexM0\ARM_GCC_541\Debug\Basic_1_Modbus_RTU_PSOC4.a(USB_UART_SPI_UART.o)
 .ARM.attributes
                0x0000045a       0x1e c:/program files (x86)/cypress/psoc creator/4.2/psoc creator/import/gnu/arm/5.4.1/bin/../lib/gcc/arm-none-eabi/5.4.1/armv6-m\libgcc.a(_udivsi3.o)
 .ARM.attributes
                0x00000478       0x1e c:/program files (x86)/cypress/psoc creator/4.2/psoc creator/import/gnu/arm/5.4.1/bin/../lib/gcc/arm-none-eabi/5.4.1/armv6-m\libgcc.a(_dvmd_tls.o)
 .ARM.attributes
                0x00000496       0x2c c:/program files (x86)/cypress/psoc creator/4.2/psoc creator/import/gnu/arm/5.4.1/bin/../lib/gcc/arm-none-eabi/5.4.1/../../../../arm-none-eabi/lib/armv6-m\libg_nano.a(lib_a-errno.o)
 .ARM.attributes
                0x000004c2       0x2c c:/program files (x86)/cypress/psoc creator/4.2/psoc creator/import/gnu/arm/5.4.1/bin/../lib/gcc/arm-none-eabi/5.4.1/../../../../arm-none-eabi/lib/armv6-m\libg_nano.a(lib_a-exit.o)
 .ARM.attributes
                0x000004ee       0x2c c:/program files (x86)/cypress/psoc creator/4.2/psoc creator/import/gnu/arm/5.4.1/bin/../lib/gcc/arm-none-eabi/5.4.1/../../../../arm-none-eabi/lib/armv6-m\libg_nano.a(lib_a-impure.o)
 .ARM.attributes
                0x0000051a       0x2c c:/program files (x86)/cypress/psoc creator/4.2/psoc creator/import/gnu/arm/5.4.1/bin/../lib/gcc/arm-none-eabi/5.4.1/../../../../arm-none-eabi/lib/armv6-m\libg_nano.a(lib_a-init.o)
 .ARM.attributes
                0x00000546       0x2c c:/program files (x86)/cypress/psoc creator/4.2/psoc creator/import/gnu/arm/5.4.1/bin/../lib/gcc/arm-none-eabi/5.4.1/../../../../arm-none-eabi/lib/armv6-m\libg_nano.a(lib_a-memcpy-stub.o)
 .ARM.attributes
                0x00000572       0x2c c:/program files (x86)/cypress/psoc creator/4.2/psoc creator/import/gnu/arm/5.4.1/bin/../lib/gcc/arm-none-eabi/5.4.1/../../../../arm-none-eabi/lib/armv6-m\libg_nano.a(lib_a-memset.o)
 .ARM.attributes
                0x0000059e       0x2c c:/program files (x86)/cypress/psoc creator/4.2/psoc creator/import/gnu/arm/5.4.1/bin/../lib/gcc/arm-none-eabi/5.4.1/armv6-m/crtend.o
 .ARM.attributes
                0x000005ca       0x1e c:/program files (x86)/cypress/psoc creator/4.2/psoc creator/import/gnu/arm/5.4.1/bin/../lib/gcc/arm-none-eabi/5.4.1/armv6-m/crtn.o

/DISCARD/
 *(.note.GNU-stack)
OUTPUT(C:\Users\Luke Young\Documents\06_Projects\PSOC_Librays\Modbus_RTU_PSOC4\example_projects\Basic_1_Modbus_RTU_PSOC4.cydsn\CortexM0\ARM_GCC_541\Debug\Basic_1_Modbus_RTU_PSOC4.elf elf32-littlearm)
